test_catalog_and_schema (test_catalog.MetadataTests.test_catalog_and_schema) ... ok
test_controls_unknown_fields_and_wrong_types (test_catalog.MetadataTests.test_controls_unknown_fields_and_wrong_types) ... ok
test_duplicate_case_collision_and_order (test_catalog.MetadataTests.test_duplicate_case_collision_and_order) ... ok
test_duplicate_ids (test_catalog.MetadataTests.test_duplicate_ids) ... ok
test_duplicate_json_keys_and_nonfinite_numbers (test_catalog.MetadataTests.test_duplicate_json_keys_and_nonfinite_numbers) ... ok
test_entry_and_paths (test_catalog.MetadataTests.test_entry_and_paths) ... ok
test_file_count_limit (test_catalog.MetadataTests.test_file_count_limit) ... ok
test_invalid_repositories_and_source_paths (test_catalog.MetadataTests.test_invalid_repositories_and_source_paths) ... ok
test_malformed_ids_and_versions (test_catalog.MetadataTests.test_malformed_ids_and_versions) ... ok
test_publisher_neutral_and_native_path (test_catalog.MetadataTests.test_publisher_neutral_and_native_path) ... ok
test_schema_evaluator_rejects_unknown_vocabulary (test_catalog.MetadataTests.test_schema_evaluator_rejects_unknown_vocabulary) ... ok
test_size_hash_types_and_limits (test_catalog.MetadataTests.test_size_hash_types_and_limits) ... ok
test_unsorted_ids (test_catalog.MetadataTests.test_unsorted_ids) ... ok
test_corrupt_and_truncated_icon (test_catalog.PackageTests.test_corrupt_and_truncated_icon) ... ok
test_invalid_manifest_fields (test_catalog.PackageTests.test_invalid_manifest_fields) ... ok
test_local_symlinks_fifos_and_oversize_rejected (test_catalog.PackageTests.test_local_symlinks_fifos_and_oversize_rejected) ... ok
test_missing_required_files_and_directories (test_catalog.PackageTests.test_missing_required_files_and_directories) ... ok
test_valid_example (test_catalog.PackageTests.test_valid_example) ... ok
test_bitcoin_uses_the_native_publication_contract (test_catalog.PublicationTests.test_bitcoin_uses_the_native_publication_contract) ... ok
test_committed_bundle_limits (test_catalog.PublicationTests.test_committed_bundle_limits) ... ok
test_committed_case_collision_and_missing_native_manifest (test_catalog.PublicationTests.test_committed_case_collision_and_missing_native_manifest) ... ok
test_deterministic_cli_preview_write_and_repeat (test_catalog.PublicationTests.test_deterministic_cli_preview_write_and_repeat) ... ok
test_dirty_and_staged_bytes_do_not_change_publication (test_catalog.PublicationTests.test_dirty_and_staged_bytes_do_not_change_publication) ... ok
test_failed_cli_write_preserves_catalog (test_catalog.PublicationTests.test_failed_cli_write_preserves_catalog) ... ok
test_generated_catalog_valid_and_not_installable (test_catalog.PublicationTests.test_generated_catalog_valid_and_not_installable) ... ok
test_manifest_catalog_consistency (test_catalog.PublicationTests.test_manifest_catalog_consistency) ... ok
test_manifest_required_even_with_literal_python_version (test_catalog.PublicationTests.test_manifest_required_even_with_literal_python_version) ... ok
test_missing_commit_path_and_non_commit_object (test_catalog.PublicationTests.test_missing_commit_path_and_non_commit_object) ... ok
test_missing_extra_files_hash_and_size_mismatch (test_catalog.PublicationTests.test_missing_extra_files_hash_and_size_mismatch) ... ok
test_packages_exclude_tests_but_validate_complete_source (test_catalog.PublicationTests.test_packages_exclude_tests_but_validate_complete_source) ... ok
test_replace_objects_are_ignored (test_catalog.PublicationTests.test_replace_objects_are_ignored) ... ok
test_same_version_changes_and_downgrades_refused (test_catalog.PublicationTests.test_same_version_changes_and_downgrades_refused) ... ok
test_source_mapping (test_catalog.PublicationTests.test_source_mapping) ... ok
test_source_path_rejected_before_git_access (test_catalog.PublicationTests.test_source_path_rejected_before_git_access) ... ok
test_symlink_and_submodule_in_commit (test_catalog.PublicationTests.test_symlink_and_submodule_in_commit) ... ok
test_symlink_output_and_failed_replace_preserve_original (test_catalog.PublicationTests.test_symlink_output_and_failed_replace_preserve_original) ... ok
test_symlink_source_directory (test_catalog.PublicationTests.test_symlink_source_directory) ... ok
test_catalog_entries_need_dates_id_version_and_summary (test_changelogs.ChangelogTests.test_catalog_entries_need_dates_id_version_and_summary) ... ok
test_invalid_or_placeholder_app_entries (test_changelogs.ChangelogTests.test_invalid_or_placeholder_app_entries) ... ok
test_valid_dated_release_and_concrete_notes (test_changelogs.ChangelogTests.test_valid_dated_release_and_concrete_notes) ... ok
test_changed_shipped_bytes_require_higher_version (test_changelogs.MergePolicyTests.test_changed_shipped_bytes_require_higher_version) ... ok
test_cli_rejects_failed_check_without_traceback_or_mutation (test_changelogs.MergePolicyTests.test_cli_rejects_failed_check_without_traceback_or_mutation) ... ok
test_current_catalog_and_complete_update_pass (test_changelogs.MergePolicyTests.test_current_catalog_and_complete_update_pass) ... ok
test_invented_catalog_release_is_rejected (test_changelogs.MergePolicyTests.test_invented_catalog_release_is_rejected) ... ok
test_missing_app_changelog_fails_package_publication (test_changelogs.MergePolicyTests.test_missing_app_changelog_fails_package_publication) ... ok
test_missing_catalog_changelog_and_release_entry_fail (test_changelogs.MergePolicyTests.test_missing_catalog_changelog_and_release_entry_fail) ... ok
test_new_app_requires_added_entry (test_changelogs.MergePolicyTests.test_new_app_requires_added_entry) ... ok
test_old_app_history_is_preserved_on_update (test_changelogs.MergePolicyTests.test_old_app_history_is_preserved_on_update) ... ok
test_old_catalog_history_cannot_be_deleted_or_changed (test_changelogs.MergePolicyTests.test_old_catalog_history_cannot_be_deleted_or_changed) ... ok
test_publication_date_cannot_precede_app_release (test_changelogs.MergePolicyTests.test_publication_date_cannot_precede_app_release) ... ok
test_source_update_with_stale_catalog_is_rejected (test_changelogs.MergePolicyTests.test_source_update_with_stale_catalog_is_rejected) ... ok
test_test_only_changes_do_not_require_release (test_changelogs.MergePolicyTests.test_test_only_changes_do_not_require_release) ... ok
test_unsafe_history_paths_and_commits_fail_closed (test_changelogs.MergePolicyTests.test_unsafe_history_paths_and_commits_fail_closed) ... ok
test_update_cannot_be_labelled_added (test_changelogs.MergePolicyTests.test_update_cannot_be_labelled_added) ... ok
test_version_bump_without_matching_app_entry_fails (test_changelogs.MergePolicyTests.test_version_bump_without_matching_app_entry_fails) ... ok
test_helper_has_no_caller_package_or_command_arguments (test_media_setup.MediaSetupTests.test_helper_has_no_caller_package_or_command_arguments) ... ok
test_policy_grants_only_fixed_argument_free_command (test_media_setup.MediaSetupTests.test_policy_grants_only_fixed_argument_free_command) ... ok
test_unmanaged_file_is_preserved_before_temporary_write (test_media_setup.MediaSetupTests.test_unmanaged_file_is_preserved_before_temporary_write) ... ok
test_mapping_rejects_paths_types_unknown_targets_and_duplicates (test_native_rust.NativeRustTests.test_mapping_rejects_paths_types_unknown_targets_and_duplicates) ... ok
test_native_build_stages_only_complete_matching_targets (test_native_rust.NativeRustTests.test_native_build_stages_only_complete_matching_targets) ... ok
test_native_manifest_exact_alternative_and_elf_validation (test_native_rust.NativeRustTests.test_native_manifest_exact_alternative_and_elf_validation) ... ok
test_native_publication_preview_and_schema_reject_mixed_runtime (test_native_rust.NativeRustTests.test_native_publication_preview_and_schema_reject_mixed_runtime) ... ok
test_new_schema_keywords_validate_their_own_shape (test_native_rust.NativeRustTests.test_new_schema_keywords_validate_their_own_shape) ... ok
test_bad_target_and_failed_build_leave_no_package (test_rust_apps.RustBuildTests.test_bad_target_and_failed_build_leave_no_package) ... ok
test_foreign_payload_is_rejected_before_staging (test_rust_apps.RustBuildTests.test_foreign_payload_is_rejected_before_staging) ... ok
test_publication_preserves_concurrently_created_empty_directory (test_rust_apps.RustBuildTests.test_publication_preserves_concurrently_created_empty_directory) ... ok
test_staging_is_catalog_compatible_and_retains_executable_mode (test_rust_apps.RustBuildTests.test_staging_is_catalog_compatible_and_retains_executable_mode) ... ok

----------------------------------------------------------------------
Ran 67 tests in 29.640s

OK
